     Assembly listing for: Name Problem.mas
                Assembled: Mon Sep 07 12:37:45 CST 2015

         |         ORG 0000          
000 1017 |         LOAD P            
001 6000 |         OUTPUT            
002 1018 |         LOAD A            
003 6000 |         OUTPUT            
004 1019 |         LOAD T            
005 6000 |         OUTPUT            
006 101A |         LOAD R            
007 6000 |         OUTPUT            
008 101B |         LOAD I            
009 6000 |         OUTPUT            
00A 101C |         LOAD C            
00B 6000 |         OUTPUT            
00C 101D |         LOAD K            
00D 6000 |         OUTPUT            
00E 1017 |         LOAD P            
00F 401E |         SUBT sub1         
010 401F |         SUBT sub2         
011 4020 |         SUBT sub3         
012 3021 |         ADD add1          
013 2500 |         STORE 500         
014 6000 |         OUTPUT            
015 6000 |         OUTPUT            
016 7000 |         HALT              
017 0050 |  P      DEC 80            
018 0041 |  A      DEC 65            
019 0054 |  T      DEC 84            
01A 0052 |  R      DEC 82            
01B 0049 |  I      DEC 73            
01C 0043 |  C      DEC 67            
01D 004B |  K      DEC 75            
01E 0007 |  sub1   DEC 7             
01F 0008 |  sub2   DEC 8             
020 001E |  sub3   DEC 30            
021 000F |  add1   DEC 15            

Assembly successful.

         SYMBOL TABLE
         --------------------------------------------------
          Symbol | Defined | References 
         --------+---------+-------------------------------
          A      |   018   | 002
          C      |   01C   | 00A
          I      |   01B   | 008
          K      |   01D   | 00C
          P      |   017   | 000, 00E
          R      |   01A   | 006
          T      |   019   | 004
          add1   |   021   | 012
          sub1   |   01E   | 00F
          sub2   |   01F   | 010
          sub3   |   020   | 011
         --------------------------------------------------

